// Jest Snapshot v1, https://goo.gl/fbAQLP

exports[`should take a snapshot 1`] = `
<DocumentFragment>
  <div
    class="course-component"
  >
    <a
      href="/course"
    >
      Ruby
    </a>
  </div>
</DocumentFragment>
`;
