// Jest Snapshot v1, https://goo.gl/fbAQLP

exports[`should take a snapshot 1`] = `
<DocumentFragment>
  <div>
    <form>
      <p>
         
      </p>
      <input
        name="email"
        placeholder="Email"
        required=""
        type="email"
        value=""
      />
      <input
        name="password"
        placeholder="Password"
        required=""
        type="password"
        value=""
      />
      <input
        name="password_confirmation"
        placeholder="Password_confirmation"
        required=""
        type="password"
        value=""
      />
      <button
        type="submit"
      >
        Register
      </button>
    </form>
  </div>
</DocumentFragment>
`;
